Running build hooks...Running build hooks...Generating embedding with API Key: AIzaSyDE4R7kKKi7R0vSvVPtltNJBMLTcqGEiGI
dart : Sending request...
At D:\development\gramgyan\run_test.ps1:2 char:1
+ dart run lib/test_gemini_embedding.dart > 
test_output.txt 2>&1
+ ~~~~~~~~~~~~~~~~~~~~~~~~~~~~~~~~~~~~~~~~~~~~~~~~~~~~~~~~~
~~~~~
    + CategoryInfo          : NotSpecified: (Sending reque 
   st...:String) [], RemoteException
    + FullyQualifiedErrorId : NativeCommandError
 
Error generating embedding:
models/text-embedding-004 is not found for API version 
v1beta, or is not supported for embedContent. Call 
ListModels to see the list of available models and their 
supported methods.
